gplink-1.4.0 #1107 (Apr  3 2018)
Copyright (c) 1998-2014 gputils project
Listing File Generated: 3-26-2023  21:28:36
 
 
Address  Value    Disassembly              Source
-------  -----    -----------              ------
                                           ;--------------------------------------------------------
                                           ; File Created by SDCC : free open source ANSI-C Compiler
                                           ; Version 4.0.0 #11528 (Linux)
                                           ;--------------------------------------------------------
                                           ; PIC port for the 14-bit core
                                           ;--------------------------------------------------------
                                           ;	.file	"bingo.c"
                                           	list	p=12f675
                                           	radix dec
                                           	include "p12f675.inc"
                                                   LIST
                                           
                                           ;==========================================================================
                                           ; Build date : Aug 07 2014
                                           ;  MPASM PIC12F675 processor include
                                           ; 
                                           ;  (c) Copyright 1999-2014 Microchip Technology, All rights reserved
                                           ;==========================================================================
                                           
                                                   NOLIST
                                           ;--------------------------------------------------------
                                           ; config word(s)
                                           ;--------------------------------------------------------
002007   3fd7     addlw   0xd7             	__config 0x3fd7
                                           ;--------------------------------------------------------
                                           ; external declarations
                                           ;--------------------------------------------------------
                                           	extern	__modulong
                                           	extern	_TRISIO
                                           	extern	_GPIO
                                           	extern	_STATUS
                                           	extern	_GPIObits
                                           	extern	__sdcc_gsinit_startup
                                           ;--------------------------------------------------------
                                           ; global declarations
                                           ;--------------------------------------------------------
                                           	global	_main
                                           	global	_randomInRange
                                           	global	_delay
                                           
                                           	global PSAVE
                                           	global SSAVE
                                           	global WSAVE
                                           	global STK12
                                           	global STK11
                                           	global STK10
                                           	global STK09
                                           	global STK08
                                           	global STK07
                                           	global STK06
                                           	global STK05
                                           	global STK04
                                           	global STK03
                                           	global STK02
                                           	global STK01
                                           	global STK00
                                           
                                           sharebank udata_ovr 0x0020
                                           PSAVE	res 1
                                           SSAVE	res 1
                                           WSAVE	res 1
                                           STK12	res 1
                                           STK11	res 1
                                           STK10	res 1
                                           STK09	res 1
                                           STK08	res 1
                                           STK07	res 1
                                           STK06	res 1
                                           STK05	res 1
                                           STK04	res 1
                                           STK03	res 1
                                           STK02	res 1
                                           STK01	res 1
                                           STK00	res 1
                                           
                                           ;--------------------------------------------------------
                                           ; global definitions
                                           ;--------------------------------------------------------
                                           ;--------------------------------------------------------
                                           ; absolute symbol definitions
                                           ;--------------------------------------------------------
                                           ;--------------------------------------------------------
                                           ; compiler-defined variables
                                           ;--------------------------------------------------------
                                           UDL_bingo_0	udata
                                           r0x1012	res	1
                                           r0x100C	res	1
                                           r0x100D	res	1
                                           r0x1011	res	1
                                           r0x1010	res	1
                                           r0x100F	res	1
                                           r0x100E	res	1
                                           r0x1005	res	1
                                           r0x1004	res	1
                                           r0x1006	res	1
                                           r0x1007	res	1
                                           r0x1008	res	1
                                           r0x1009	res	1
                                           r0x100A	res	1
                                           r0x100B	res	1
                                           ;--------------------------------------------------------
                                           ; initialized data
                                           ;--------------------------------------------------------
                                           
                                           IDD_bingo_0	idata
                                           _randomInRange_seed_65536_8
                                           	db	0x00, 0x00, 0x00, 0x00	; 0
                                           
                                           ;--------------------------------------------------------
                                           ; initialized absolute data
                                           ;--------------------------------------------------------
                                           ;--------------------------------------------------------
                                           ; overlayable items in internal ram 
                                           ;--------------------------------------------------------
                                           ;	udata_ovr
                                           ;--------------------------------------------------------
                                           ; reset vector 
                                           ;--------------------------------------------------------
                                           STARTUP	code 0x0000
000000   0000     nop                      	nop
                                           	pagesel __sdcc_gsinit_startup
000001   2802     goto    0x0002           	goto	__sdcc_gsinit_startup
                                           ;--------------------------------------------------------
                                           ; code
                                           ;--------------------------------------------------------
                                           code_bingo	code
                                           ;***
                                           ;  pBlock Stats: dbName = M
                                           ;***
                                           ;has an exit
                                           ;functions called:
                                           ;   _randomInRange
                                           ;   _randomInRange
                                           ;   _delay
                                           ;   _delay
                                           ;   _randomInRange
                                           ;   _randomInRange
                                           ;   _delay
                                           ;   _delay
                                           ;2 compiler assigned registers:
                                           ;   STK00
                                           ;   r0x1012
                                           ;; Starting pCode block
                                           S_bingo__main	code
                                           _main:
                                           ; 2 exit points
                                           ;	.line	14; "bingo.c"	TRISIO = 0b00001000; //Poner todos los pines como salidas
0001f7   3008     movlw   0x08             	MOVLW	0x08
0001f8   1683     bsf     0x03, 0x5        	BANKSEL	_TRISIO
0001f9   0085     movwf   0x05             	MOVWF	_TRISIO
                                           ;	.line	15; "bingo.c"	GPIO = 0x00; //Poner pines en bajo
0001fa   1283     bcf     0x03, 0x5        	BANKSEL	_GPIO
0001fb   0185     clrf    0x05             	CLRF	_GPIO
                                           _00106_DS_:
                                           ;	.line	24; "bingo.c"	num1 = randomInRange(0,9);
0001fc   3009     movlw   0x09             	MOVLW	0x09
0001fd   00af     movwf   0x2f             	MOVWF	STK00
0001fe   3000     movlw   0x00             	MOVLW	0x00
                                           	PAGESEL	_randomInRange
0001ff   209e     call    0x009e           	CALL	_randomInRange
                                           	PAGESEL	$
                                           ;	.line	25; "bingo.c"	num2 = randomInRange(0,9); 
000200   3009     movlw   0x09             	MOVLW	0x09
000201   00af     movwf   0x2f             	MOVWF	STK00
000202   3000     movlw   0x00             	MOVLW	0x00
                                           	PAGESEL	_randomInRange
000203   209e     call    0x009e           	CALL	_randomInRange
                                           	PAGESEL	$
                                           ;	.line	26; "bingo.c"	GP0 = 0x00;
000204   1283     bcf     0x03, 0x5        	BANKSEL	_GPIObits
000205   1005     bcf     0x05, 0x0        	BCF	_GPIObits,0
                                           ;	.line	27; "bingo.c"	delay(time);
000206   3064     movlw   0x64             	MOVLW	0x64
000207   00af     movwf   0x2f             	MOVWF	STK00
000208   3000     movlw   0x00             	MOVLW	0x00
                                           	PAGESEL	_delay
000209   21d0     call    0x01d0           	CALL	_delay
                                           	PAGESEL	$
                                           ;	.line	29; "bingo.c"	GP0 = ~GP0;
00020a   01b0     clrf    0x30             	CLRF	r0x1012
00020b   1283     bcf     0x03, 0x5        	BANKSEL	_GPIObits
00020c   1805     btfsc   0x05, 0x0        	BTFSC	_GPIObits,0
00020d   0ab0     incf    0x30, 0x1        	INCF	r0x1012,F
00020e   0930     comf    0x30, 0x0        	COMF	r0x1012,W
00020f   00b0     movwf   0x30             	MOVWF	r0x1012
000210   0c30     rrf     0x30, 0x0        	RRF	r0x1012,W
000211   1c03     btfss   0x03, 0x0        	BTFSS	STATUS,0
000212   1005     bcf     0x05, 0x0        	BCF	_GPIObits,0
000213   1803     btfsc   0x03, 0x0        	BTFSC	STATUS,0
000214   1405     bsf     0x05, 0x0        	BSF	_GPIObits,0
                                           ;	.line	30; "bingo.c"	delay(time);
000215   3064     movlw   0x64             	MOVLW	0x64
000216   00af     movwf   0x2f             	MOVWF	STK00
000217   3000     movlw   0x00             	MOVLW	0x00
                                           	PAGESEL	_delay
000218   21d0     call    0x01d0           	CALL	_delay
                                           	PAGESEL	$
000219   29fc     goto    0x01fc           	GOTO	_00106_DS_
                                           ;	.line	33; "bingo.c"	}
00021a   0008     return                   	RETURN	
                                           ; exit point of _main
                                           
                                           ;***
                                           ;  pBlock Stats: dbName = C
                                           ;***
                                           ;has an exit
                                           ;9 compiler assigned registers:
                                           ;   r0x1004
                                           ;   STK00
                                           ;   r0x1005
                                           ;   r0x1006
                                           ;   r0x1007
                                           ;   r0x1008
                                           ;   r0x1009
                                           ;   r0x100A
                                           ;   r0x100B
                                           ;; Starting pCode block
                                           S_bingo__delay	code
                                           _delay:
                                           ; 2 exit points
                                           ;	.line	50; "bingo.c"	void delay(unsigned int tiempo)
0001d0   00b8     movwf   0x38             	MOVWF	r0x1004
0001d1   082f     movf    0x2f, 0x0        	MOVF	STK00,W
0001d2   00b7     movwf   0x37             	MOVWF	r0x1005
                                           ;	.line	55; "bingo.c"	for(i=0;i<tiempo;i++)
0001d3   01b9     clrf    0x39             	CLRF	r0x1006
0001d4   01ba     clrf    0x3a             	CLRF	r0x1007
                                           _00123_DS_:
0001d5   0838     movf    0x38, 0x0        	MOVF	r0x1004,W
0001d6   023a     subwf   0x3a, 0x0        	SUBWF	r0x1007,W
0001d7   1d03     btfss   0x03, 0x2        	BTFSS	STATUS,2
0001d8   29db     goto    0x01db           	GOTO	_00144_DS_
0001d9   0837     movf    0x37, 0x0        	MOVF	r0x1005,W
0001da   0239     subwf   0x39, 0x0        	SUBWF	r0x1006,W
                                           _00144_DS_:
0001db   1803     btfsc   0x03, 0x0        	BTFSC	STATUS,0
0001dc   29f6     goto    0x01f6           	GOTO	_00125_DS_
                                           ;;genSkipc:3307: created from rifx:0x7ffc6f9f9790
                                           ;	.line	56; "bingo.c"	for(j=0;j<1275;j++);
0001dd   30fb     movlw   0xfb             	MOVLW	0xfb
0001de   00bb     movwf   0x3b             	MOVWF	r0x1008
0001df   3004     movlw   0x04             	MOVLW	0x04
0001e0   00bc     movwf   0x3c             	MOVWF	r0x1009
                                           _00121_DS_:
0001e1   30ff     movlw   0xff             	MOVLW	0xff
0001e2   073b     addwf   0x3b, 0x0        	ADDWF	r0x1008,W
0001e3   00bd     movwf   0x3d             	MOVWF	r0x100A
0001e4   30ff     movlw   0xff             	MOVLW	0xff
0001e5   00be     movwf   0x3e             	MOVWF	r0x100B
0001e6   083c     movf    0x3c, 0x0        	MOVF	r0x1009,W
0001e7   1803     btfsc   0x03, 0x0        	BTFSC	STATUS,0
0001e8   0f3c     incfsz  0x3c, 0x0        	INCFSZ	r0x1009,W
0001e9   07be     addwf   0x3e, 0x1        	ADDWF	r0x100B,F
0001ea   083d     movf    0x3d, 0x0        	MOVF	r0x100A,W
0001eb   00bb     movwf   0x3b             	MOVWF	r0x1008
0001ec   083e     movf    0x3e, 0x0        	MOVF	r0x100B,W
0001ed   00bc     movwf   0x3c             	MOVWF	r0x1009
0001ee   083e     movf    0x3e, 0x0        	MOVF	r0x100B,W
0001ef   043d     iorwf   0x3d, 0x0        	IORWF	r0x100A,W
0001f0   1d03     btfss   0x03, 0x2        	BTFSS	STATUS,2
0001f1   29e1     goto    0x01e1           	GOTO	_00121_DS_
                                           ;	.line	55; "bingo.c"	for(i=0;i<tiempo;i++)
0001f2   0ab9     incf    0x39, 0x1        	INCF	r0x1006,F
0001f3   1903     btfsc   0x03, 0x2        	BTFSC	STATUS,2
0001f4   0aba     incf    0x3a, 0x1        	INCF	r0x1007,F
0001f5   29d5     goto    0x01d5           	GOTO	_00123_DS_
                                           _00125_DS_:
                                           ;	.line	57; "bingo.c"	}
0001f6   0008     return                   	RETURN	
                                           ; exit point of _delay
                                           
                                           ;***
                                           ;  pBlock Stats: dbName = C
                                           ;***
                                           ;has an exit
                                           ;functions called:
                                           ;   __modulong
                                           ;   __modulong
                                           ;13 compiler assigned registers:
                                           ;   r0x100C
                                           ;   STK00
                                           ;   r0x100D
                                           ;   r0x100E
                                           ;   r0x100F
                                           ;   r0x1010
                                           ;   r0x1011
                                           ;   STK06
                                           ;   STK05
                                           ;   STK04
                                           ;   STK03
                                           ;   STK02
                                           ;   STK01
                                           ;; Starting pCode block
                                           S_bingo__randomInRange	code
                                           _randomInRange:
                                           ; 2 exit points
                                           ;	.line	36; "bingo.c"	uint8_t randomInRange(uint8_t min, uint8_t max) {
00009e   00b1     movwf   0x31             	MOVWF	r0x100C
00009f   082f     movf    0x2f, 0x0        	MOVF	STK00,W
0000a0   00b2     movwf   0x32             	MOVWF	r0x100D
                                           ;	.line	38; "bingo.c"	if (seed == 0) {
0000a1   0859     movf    0x59, 0x0        	MOVF	(_randomInRange_seed_65536_8 + 3),W
0000a2   0458     iorwf   0x58, 0x0        	IORWF	(_randomInRange_seed_65536_8 + 2),W
0000a3   0457     iorwf   0x57, 0x0        	IORWF	(_randomInRange_seed_65536_8 + 1),W
0000a4   0456     iorwf   0x56, 0x0        	IORWF	_randomInRange_seed_65536_8,W
0000a5   1d03     btfss   0x03, 0x2        	BTFSS	STATUS,2
0000a6   28ad     goto    0x00ad           	GOTO	_00112_DS_
                                           ;	.line	40; "bingo.c"	seed = (uint32_t) &STATUS;
0000a7   3000     movlw   0x00             	MOVLW	high (_STATUS + 0)
0000a8   00d7     movwf   0x57             	MOVWF	(_randomInRange_seed_65536_8 + 1)
0000a9   3003     movlw   0x03             	MOVLW	(_STATUS + 0)
0000aa   00d6     movwf   0x56             	MOVWF	_randomInRange_seed_65536_8
0000ab   01d8     clrf    0x58             	CLRF	(_randomInRange_seed_65536_8 + 2)
0000ac   01d9     clrf    0x59             	CLRF	(_randomInRange_seed_65536_8 + 3)
                                           _00112_DS_:
                                           ;	.line	43; "bingo.c"	seed ^= (seed << 13);
0000ad   0e58     swapf   0x58, 0x0        	SWAPF	(_randomInRange_seed_65536_8 + 2),W
0000ae   39f0     andlw   0xf0             	ANDLW	0xf0
0000af   00b6     movwf   0x36             	MOVWF	r0x100E
0000b0   0e57     swapf   0x57, 0x0        	SWAPF	(_randomInRange_seed_65536_8 + 1),W
0000b1   00b5     movwf   0x35             	MOVWF	r0x100F
0000b2   390f     andlw   0x0f             	ANDLW	0x0f
0000b3   04b6     iorwf   0x36, 0x1        	IORWF	r0x100E,F
0000b4   06b5     xorwf   0x35, 0x1        	XORWF	r0x100F,F
0000b5   0e56     swapf   0x56, 0x0        	SWAPF	_randomInRange_seed_65536_8,W
0000b6   00b4     movwf   0x34             	MOVWF	r0x1010
0000b7   390f     andlw   0x0f             	ANDLW	0x0f
0000b8   04b5     iorwf   0x35, 0x1        	IORWF	r0x100F,F
0000b9   06b4     xorwf   0x34, 0x1        	XORWF	r0x1010,F
0000ba   01b3     clrf    0x33             	CLRF	r0x1011
0000bb   1003     bcf     0x03, 0x0        	BCF	STATUS,0
0000bc   0db3     rlf     0x33, 0x1        	RLF	r0x1011,F
0000bd   0db4     rlf     0x34, 0x1        	RLF	r0x1010,F
0000be   0db5     rlf     0x35, 0x1        	RLF	r0x100F,F
0000bf   0db6     rlf     0x36, 0x1        	RLF	r0x100E,F
0000c0   0833     movf    0x33, 0x0        	MOVF	r0x1011,W
0000c1   06d6     xorwf   0x56, 0x1        	XORWF	_randomInRange_seed_65536_8,F
0000c2   0834     movf    0x34, 0x0        	MOVF	r0x1010,W
0000c3   06d7     xorwf   0x57, 0x1        	XORWF	(_randomInRange_seed_65536_8 + 1),F
0000c4   0835     movf    0x35, 0x0        	MOVF	r0x100F,W
0000c5   06d8     xorwf   0x58, 0x1        	XORWF	(_randomInRange_seed_65536_8 + 2),F
0000c6   0836     movf    0x36, 0x0        	MOVF	r0x100E,W
0000c7   06d9     xorwf   0x59, 0x1        	XORWF	(_randomInRange_seed_65536_8 + 3),F
                                           ;;shiftRight_Left2ResultLit:5474: shCount=1, size=2, sign=0, same=0, offr=2
                                           ;	.line	44; "bingo.c"	seed ^= (seed >> 17);
0000c8   1003     bcf     0x03, 0x0        	BCF	STATUS,0
0000c9   0c59     rrf     0x59, 0x0        	RRF	(_randomInRange_seed_65536_8 + 3),W
0000ca   00b4     movwf   0x34             	MOVWF	r0x1010
0000cb   0c58     rrf     0x58, 0x0        	RRF	(_randomInRange_seed_65536_8 + 2),W
0000cc   00b3     movwf   0x33             	MOVWF	r0x1011
0000cd   01b5     clrf    0x35             	CLRF	r0x100F
0000ce   01b6     clrf    0x36             	CLRF	r0x100E
0000cf   0833     movf    0x33, 0x0        	MOVF	r0x1011,W
0000d0   06d6     xorwf   0x56, 0x1        	XORWF	_randomInRange_seed_65536_8,F
0000d1   0834     movf    0x34, 0x0        	MOVF	r0x1010,W
0000d2   06d7     xorwf   0x57, 0x1        	XORWF	(_randomInRange_seed_65536_8 + 1),F
0000d3   3000     movlw   0x00             	MOVLW	0x00
0000d4   06d8     xorwf   0x58, 0x1        	XORWF	(_randomInRange_seed_65536_8 + 2),F
0000d5   3000     movlw   0x00             	MOVLW	0x00
0000d6   06d9     xorwf   0x59, 0x1        	XORWF	(_randomInRange_seed_65536_8 + 3),F
                                           ;	.line	45; "bingo.c"	seed ^= (seed << 5);
0000d7   0e59     swapf   0x59, 0x0        	SWAPF	(_randomInRange_seed_65536_8 + 3),W
0000d8   39f0     andlw   0xf0             	ANDLW	0xf0
0000d9   00b6     movwf   0x36             	MOVWF	r0x100E
0000da   0e58     swapf   0x58, 0x0        	SWAPF	(_randomInRange_seed_65536_8 + 2),W
0000db   00b5     movwf   0x35             	MOVWF	r0x100F
0000dc   390f     andlw   0x0f             	ANDLW	0x0f
0000dd   04b6     iorwf   0x36, 0x1        	IORWF	r0x100E,F
0000de   06b5     xorwf   0x35, 0x1        	XORWF	r0x100F,F
0000df   0e57     swapf   0x57, 0x0        	SWAPF	(_randomInRange_seed_65536_8 + 1),W
0000e0   00b4     movwf   0x34             	MOVWF	r0x1010
0000e1   390f     andlw   0x0f             	ANDLW	0x0f
0000e2   04b5     iorwf   0x35, 0x1        	IORWF	r0x100F,F
0000e3   06b4     xorwf   0x34, 0x1        	XORWF	r0x1010,F
0000e4   0e56     swapf   0x56, 0x0        	SWAPF	_randomInRange_seed_65536_8,W
0000e5   00b3     movwf   0x33             	MOVWF	r0x1011
0000e6   390f     andlw   0x0f             	ANDLW	0x0f
0000e7   04b4     iorwf   0x34, 0x1        	IORWF	r0x1010,F
0000e8   06b3     xorwf   0x33, 0x1        	XORWF	r0x1011,F
0000e9   1003     bcf     0x03, 0x0        	BCF	STATUS,0
0000ea   0db3     rlf     0x33, 0x1        	RLF	r0x1011,F
0000eb   0db4     rlf     0x34, 0x1        	RLF	r0x1010,F
0000ec   0db5     rlf     0x35, 0x1        	RLF	r0x100F,F
0000ed   0db6     rlf     0x36, 0x1        	RLF	r0x100E,F
0000ee   0833     movf    0x33, 0x0        	MOVF	r0x1011,W
0000ef   06d6     xorwf   0x56, 0x1        	XORWF	_randomInRange_seed_65536_8,F
0000f0   0834     movf    0x34, 0x0        	MOVF	r0x1010,W
0000f1   06d7     xorwf   0x57, 0x1        	XORWF	(_randomInRange_seed_65536_8 + 1),F
0000f2   0835     movf    0x35, 0x0        	MOVF	r0x100F,W
0000f3   06d8     xorwf   0x58, 0x1        	XORWF	(_randomInRange_seed_65536_8 + 2),F
0000f4   0836     movf    0x36, 0x0        	MOVF	r0x100E,W
0000f5   06d9     xorwf   0x59, 0x1        	XORWF	(_randomInRange_seed_65536_8 + 3),F
                                           ;	.line	46; "bingo.c"	uint8_t randomNum = (uint8_t) ((seed % (max - min + 1)) + min);
0000f6   0832     movf    0x32, 0x0        	MOVF	r0x100D,W
0000f7   00b3     movwf   0x33             	MOVWF	r0x1011
0000f8   01b4     clrf    0x34             	CLRF	r0x1010
                                           ;;100	MOVF	r0x100C,W
0000f9   01b5     clrf    0x35             	CLRF	r0x100F
                                           ;;99	MOVF	r0x100D,W
0000fa   0831     movf    0x31, 0x0        	MOVF	r0x100C,W
0000fb   00b2     movwf   0x32             	MOVWF	r0x100D
0000fc   02b3     subwf   0x33, 0x1        	SUBWF	r0x1011,F
0000fd   3000     movlw   0x00             	MOVLW	0x00
0000fe   1c03     btfss   0x03, 0x0        	BTFSS	STATUS,0
0000ff   0f35     incfsz  0x35, 0x0        	INCFSZ	r0x100F,W
000100   02b4     subwf   0x34, 0x1        	SUBWF	r0x1010,F
000101   3001     movlw   0x01             	MOVLW	0x01
000102   07b3     addwf   0x33, 0x1        	ADDWF	r0x1011,F
000103   01b2     clrf    0x32             	CLRF	r0x100D
000104   0db2     rlf     0x32, 0x1        	RLF	r0x100D,F
000105   0834     movf    0x34, 0x0        	MOVF	r0x1010,W
000106   07b2     addwf   0x32, 0x1        	ADDWF	r0x100D,F
000107   01b4     clrf    0x34             	CLRF	r0x1010
000108   01b5     clrf    0x35             	CLRF	r0x100F
000109   0833     movf    0x33, 0x0        	MOVF	r0x1011,W
00010a   00a9     movwf   0x29             	MOVWF	STK06
00010b   0832     movf    0x32, 0x0        	MOVF	r0x100D,W
00010c   00aa     movwf   0x2a             	MOVWF	STK05
00010d   3000     movlw   0x00             	MOVLW	0x00
00010e   00ab     movwf   0x2b             	MOVWF	STK04
00010f   3000     movlw   0x00             	MOVLW	0x00
000110   00ac     movwf   0x2c             	MOVWF	STK03
000111   0856     movf    0x56, 0x0        	MOVF	_randomInRange_seed_65536_8,W
000112   00ad     movwf   0x2d             	MOVWF	STK02
000113   0857     movf    0x57, 0x0        	MOVF	(_randomInRange_seed_65536_8 + 1),W
000114   00ae     movwf   0x2e             	MOVWF	STK01
000115   0858     movf    0x58, 0x0        	MOVF	(_randomInRange_seed_65536_8 + 2),W
000116   00af     movwf   0x2f             	MOVWF	STK00
000117   0859     movf    0x59, 0x0        	MOVF	(_randomInRange_seed_65536_8 + 3),W
                                           	PAGESEL	__modulong
000118   2125     call    0x0125           	CALL	__modulong
                                           	PAGESEL	$
000119   00b5     movwf   0x35             	MOVWF	r0x100F
00011a   082f     movf    0x2f, 0x0        	MOVF	STK00,W
00011b   00b4     movwf   0x34             	MOVWF	r0x1010
00011c   082e     movf    0x2e, 0x0        	MOVF	STK01,W
00011d   00b3     movwf   0x33             	MOVWF	r0x1011
00011e   082d     movf    0x2d, 0x0        	MOVF	STK02,W
00011f   00b2     movwf   0x32             	MOVWF	r0x100D
000120   00b6     movwf   0x36             	MOVWF	r0x100E
000121   0831     movf    0x31, 0x0        	MOVF	r0x100C,W
000122   0736     addwf   0x36, 0x0        	ADDWF	r0x100E,W
                                           ;	.line	47; "bingo.c"	return randomNum;
000123   00b1     movwf   0x31             	MOVWF	r0x100C
                                           ;	.line	48; "bingo.c"	} 
000124   0008     return                   	RETURN	
                                           ; exit point of _randomInRange
                                           
                                           
                                           ;	code size estimation:
                                           ;	  206+   14 =   220 instructions (  468 byte)
                                           
                                           	end
